// Jest Snapshot v1, https://goo.gl/fbAQLP

exports[`renders without crashing 1`] = `
<WithStyles(Paper)
  style={
    Object {
      "height": 400,
      "width": "100%",
    }
  }
>
  <WithStyles(MuiVirtualizedTable)
    columns={
      Array [
        Object {
          "dataKey": "dessert",
          "flexGrow": 1,
          "label": "Dessert",
          "width": 200,
        },
        Object {
          "dataKey": "calories",
          "label": "Calories (g)",
          "numeric": true,
          "width": 120,
        },
        Object {
          "dataKey": "fat",
          "label": "Fat (g)",
          "numeric": true,
          "width": 120,
        },
        Object {
          "dataKey": "carbs",
          "label": "Carbs (g)",
          "numeric": true,
          "width": 120,
        },
        Object {
          "dataKey": "protein",
          "label": "Protein (g)",
          "numeric": true,
          "width": 120,
        },
      ]
    }
    onRowClick={[Function]}
    rowCount={200}
    rowGetter={[Function]}
  />
</WithStyles(Paper)>
`;
