// Jest Snapshot v1, https://goo.gl/fbAQLP

exports[`renders the component 1`] = `
<div
  style={Object {}}
>
  <EtherTransaction
    transaction={
      Object {
        "amount": "1",
        "tokenAddress": "0x",
        "txHash": "txHash",
        "type": "EthPurchase",
        "user": "0x123User",
      }
    }
  />
</div>
`;
