// Jest Snapshot v1, https://goo.gl/fbAQLP

exports[`renders the component 1`] = `
<UserTransactionsModal
  classes={
    Object {
      "root": "UserTransactionsModal-root-1",
    }
  }
  etherTransactions={Array []}
  handleClose={[Function]}
  hasNextPage={false}
  isNextPageLoading={false}
  onLoadMore={[Function]}
  open={true}
  userId="0x123User"
/>
`;
