// Jest Snapshot v1, https://goo.gl/fbAQLP

exports[`renders the component 1`] = `
<div>
  <WithStyles(Modal)
    onClose={[Function]}
    open={true}
  >
    <TransactionsList
      hasNextPage={false}
      isNextPageLoading={false}
      items={Array []}
      loadNextPage={[Function]}
    />
  </WithStyles(Modal)>
</div>
`;
